***************** DESCRIBE TABLES *****************
MariaDB [news_website]> describe articles;
+----------+----------------+------+-----+---------+----------------+
| Field    | Type           | Null | Key | Default | Extra          |
+----------+----------------+------+-----+---------+----------------+
| title    | varchar(64)    | NO   |     | NULL    |                |
| body     | varchar(10000) | NO   |     | NULL    |                |
| link     | varchar(128)   | NO   |     | NULL    |                |
| author   | varchar(32)    | NO   | MUL | NULL    |                |
| comments | tinyint(4)     | NO   |     | 0       |                |
| likes    | int(11)        | NO   |     | 0       |                |
| id       | int(11)        | NO   | PRI | NULL    | auto_increment |
+----------+----------------+------+-----+---------+----------------+
7 rows in set (0.00 sec)

MariaDB [news_website]> describe comments;
+------------+--------------+------+-----+---------+----------------+
| Field      | Type         | Null | Key | Default | Extra          |
+------------+--------------+------+-----+---------+----------------+
| id         | int(11)      | NO   | PRI | NULL    | auto_increment |
| title      | varchar(256) | NO   |     | NULL    |                |
| body       | varchar(256) | NO   |     | NULL    |                |
| commenter  | varchar(32)  | NO   |     | NULL    |                |
| article_id | int(11)      | NO   | MUL | NULL    |                |
+------------+--------------+------+-----+---------+----------------+
5 rows in set (0.00 sec)

MariaDB [news_website]> describe users;
+-------------+--------------+------+-----+---------+-------+
| Field       | Type         | Null | Key | Default | Extra |
+-------------+--------------+------+-----+---------+-------+
| username    | varchar(32)  | NO   | PRI | NULL    |       |
| password    | varchar(256) | NO   |     | NULL    |       |
| liked_posts | varchar(120) | NO   |     |         |       |
+-------------+--------------+------+-----+---------+-------+


***************** SHOW TABLES *****************

MariaDB [news_website]> show tables;
+------------------------+
| Tables_in_news_website |
+------------------------+
| articles               |
| comments               |
| users                  |
+------------------------+


***************** CREATE STATEMENTS *****************
----------------------------------------------------------------------------------------+
| articles | CREATE TABLE `articles` (
  `title` varchar(64) NOT NULL,
  `body` varchar(10000) NOT NULL,
  `link` varchar(128) NOT NULL,
  `author` varchar(32) NOT NULL,
  `comments` tinyint(4) NOT NULL DEFAULT 0,
  `likes` int(11) NOT NULL DEFAULT 0,
  `id` int(11) NOT NULL AUTO_INCREMENT,
  PRIMARY KEY (`id`),
  KEY `author` (`author`),
  CONSTRAINT `articles_ibfk_1` FOREIGN KEY (`author`) REFERENCES `users` (`username`)
) ENGINE=InnoDB AUTO_INCREMENT=39 DEFAULT CHARSET=latin1 |
+----------+----------------------------------------------------------------------------------------------------------------------------------------------------------------------------------------------------------------------------------------------------------------------------------------------------------------------------------------------------------------------------------------------------------------------------------------------------------------------------------------+
1 row in set (0.00 sec)

MariaDB [news_website]> SHOW CREATE TABLE grades;
ERROR 1146 (42S02): Table 'news_website.grades' doesn't exist
MariaDB [news_website]> SHOW CREATE TABLE comments;
+----------+-------------------------------------------------------------------------------------------------------------------------------------------------------------------------------------------------------------------------------------------------------------------------------------------------------------------------------------------------------------------------------------------------------------+
| Table    | Create Table                                                                                                                                                                                                                                                                                                                                                                                                |
+----------+-------------------------------------------------------------------------------------------------------------------------------------------------------------------------------------------------------------------------------------------------------------------------------------------------------------------------------------------------------------------------------------------------------------+
| comments | CREATE TABLE `comments` (
  `id` int(11) NOT NULL AUTO_INCREMENT,
  `title` varchar(256) NOT NULL,
  `body` varchar(256) NOT NULL,
  `commenter` varchar(32) NOT NULL,
  `article_id` int(11) NOT NULL,
  PRIMARY KEY (`id`),
  KEY `article_id` (`article_id`),
  CONSTRAINT `article_id` FOREIGN KEY (`article_id`) REFERENCES `articles` (`id`)
) ENGINE=InnoDB AUTO_INCREMENT=39 DEFAULT CHARSET=latin1 |
+----------+-------------------------------------------------------------------------------------------------------------------------------------------------------------------------------------------------------------------------------------------------------------------------------------------------------------------------------------------------------------------------------------------------------------+
1 row in set (0.00 sec)

MariaDB [news_website]> SHOW CREATE TABLE users;;
+-------+--------------------------------------------------------------------------------------------------------------------------------------------------------------------------------------------------------------------+
| Table | Create Table                                                                                                                                                                                                       |
+-------+--------------------------------------------------------------------------------------------------------------------------------------------------------------------------------------------------------------------+
| users | CREATE TABLE `users` (
  `username` varchar(32) NOT NULL,
  `password` varchar(256) NOT NULL,
  `liked_posts` varchar(120) NOT NULL DEFAULT ' ',
  PRIMARY KEY (`username`)
) ENGINE=InnoDB DEFAULT CHARSET=latin1 |
+-------+--------------------------------------------------------------------------------------------------------------------------------------------------------------------------------------------------------------------+